Test project E:/xxl/xray-lang/xray/build
      Start  1: test_xvalue
      Start  2: test_method_table
      Start  3: test_xhash
      Start  4: test_dynarray
      Start  5: test_hashmap
      Start  6: test_arena
      Start  7: test_immix_gc
      Start  8: test_utf8
 1/75 Test  #3: test_xhash .......................   Passed   17.07 sec
      Start  9: test_xarray
 2/75 Test  #2: test_method_table ................   Passed   17.09 sec
 3/75 Test  #4: test_dynarray ....................   Passed   17.07 sec
      Start 10: test_xstring
      Start 11: test_xmap
 4/75 Test  #6: test_arena .......................   Passed   17.08 sec
 5/75 Test  #5: test_hashmap .....................   Passed   17.08 sec
 6/75 Test  #8: test_utf8 ........................   Passed   17.07 sec
 7/75 Test  #1: test_xvalue ......................   Passed   17.11 sec
      Start 12: test_xset
      Start 13: test_lexer
      Start 14: test_lexer_keywords
      Start 15: test_lexer_positions
 8/75 Test  #7: test_immix_gc ....................   Passed   17.10 sec
      Start 16: test_lexer_trivia
 9/75 Test  #9: test_xarray ......................   Passed    8.27 sec
      Start 17: test_parser
10/75 Test #10: test_xstring .....................   Passed   11.88 sec
      Start 18: test_parser_type_scope
11/75 Test #11: test_xmap ........................   Passed   19.78 sec
      Start 19: test_parser_recoverable
12/75 Test #12: test_xset ........................   Passed   27.98 sec
      Start 20: test_diag_fmt
13/75 Test #13: test_lexer .......................   Passed   28.49 sec
      Start 21: test_xfmt_literal
14/75 Test #14: test_lexer_keywords ..............   Passed   28.97 sec
      Start 22: test_formatter_comments
15/75 Test #15: test_lexer_positions .............   Passed   29.40 sec
      Start 23: test_formatter_strings
16/75 Test #16: test_lexer_trivia ................   Passed   29.85 sec
      Start 24: test_analyzer_remove_file
17/75 Test #18: test_parser_type_scope ...........   Passed   21.95 sec
      Start 25: test_analyzer_incremental
18/75 Test #19: test_parser_recoverable ..........   Passed   17.37 sec
      Start 26: test_ast_side_table
19/75 Test #20: test_diag_fmt ....................   Passed    9.51 sec
      Start 27: test_frontend_architecture
20/75 Test #21: test_xfmt_literal ................   Passed   14.60 sec
      Start 28: test_analyzer
21/75 Test #22: test_formatter_comments ..........   Passed   17.67 sec
      Start 29: test_mono
22/75 Test #23: test_formatter_strings ...........   Passed   20.93 sec
      Start 30: test_instruction
23/75 Test #24: test_analyzer_remove_file ........   Passed   24.11 sec
      Start 31: test_opcode
24/75 Test #25: test_analyzer_incremental ........   Passed   23.39 sec
      Start 32: test_vm_api
25/75 Test #26: test_ast_side_table ..............   Passed   24.15 sec
      Start 33: test_ic
26/75 Test #27: test_frontend_architecture .......   Passed   24.19 sec
      Start 34: test_ic_concurrent
27/75 Test #28: test_analyzer ....................   Passed   21.75 sec
      Start 35: test_vm_exception
28/75 Test #29: test_mono ........................   Passed   18.65 sec
      Start 36: test_symbol
29/75 Test #30: test_instruction .................   Passed   15.38 sec
      Start 37: test_xir
30/75 Test #31: test_opcode ......................   Passed   12.17 sec
      Start 38: test_xir_bset
31/75 Test #33: test_ic ..........................   Passed   13.88 sec
      Start 39: test_xir_builder
32/75 Test #34: test_ic_concurrent ...............   Passed   21.49 sec
      Start 40: test_xir_defuse
33/75 Test #35: test_vm_exception ................   Passed   21.41 sec
      Start 41: test_xir_fold
34/75 Test #36: test_symbol ......................   Passed   23.99 sec
      Start 42: test_xir_liveness2
35/75 Test #37: test_xir .........................   Passed   24.00 sec
      Start 43: test_xir_pass
36/75 Test #38: test_xir_bset ....................   Passed   23.93 sec
      Start 44: test_x64_emit
37/75 Test #39: test_xir_builder .................   Passed   17.61 sec
      Start 45: test_code_alloc
38/75 Test #40: test_xir_defuse ..................   Passed   10.04 sec
      Start 46: test_config
39/75 Test #41: test_xir_fold ....................   Passed    7.39 sec
      Start 47: test_log
40/75 Test #42: test_xir_liveness2 ...............   Passed    5.99 sec
      Start 48: test_swar
41/75 Test #43: test_xir_pass ....................   Passed    8.53 sec
      Start 49: test_simd
42/75 Test #44: test_x64_emit ....................   Passed    8.52 sec
      Start 50: test_mutex
43/75 Test #45: test_code_alloc ..................   Passed    6.19 sec
      Start 51: test_intmap
44/75 Test #46: test_config ......................   Passed    6.15 sec
      Start 52: test_mem_profiler
45/75 Test #47: test_log .........................   Passed    6.11 sec
      Start 53: test_xmalloc
46/75 Test #48: test_swar ........................   Passed    4.84 sec
      Start 54: test_mpsc_queue
47/75 Test #49: test_simd ........................   Passed    2.26 sec
      Start 55: test_steal_queue
48/75 Test #50: test_mutex .......................   Passed    2.20 sec
      Start 56: test_resolver
49/75 Test #51: test_intmap ......................   Passed    2.27 sec
      Start 57: test_semver
50/75 Test #52: test_mem_profiler ................   Passed    2.28 sec
      Start 58: test_lockfile
51/75 Test #53: test_xmalloc .....................   Passed    2.21 sec
      Start 59: test_source_cache
52/75 Test #54: test_mpsc_queue ..................   Passed    2.22 sec
      Start 60: test_base64
53/75 Test #55: test_steal_queue .................   Passed    2.23 sec
      Start 61: test_hex_encoding
54/75 Test #56: test_resolver ....................   Passed    4.74 sec
      Start 62: test_url_encoding
55/75 Test #57: test_semver ......................   Passed    4.76 sec
      Start 63: test_unicode
56/75 Test #32: test_vm_api ......................***Exception: SegFault 49.85 sec


[1m[xr_vm_current_ctx contract][0m
  vm_current_ctx_returns_main_coro_ctx               [32mPASS[0m

[1m[xr_vm_prepare_entry contract][0m
  vm_prepare_entry_within_capacity_is_noop           [32mPASS[0m
  vm_prepare_entry_grows_for_large_window            [32mPASS[0m
  vm_prepare_entry_zero_extra_succeeds               [32mPASS[0m

[1m[Public entry NULL safety][0m
  vm_call_closure_null_closure_returns_null          [32mPASS[0m

[1m[End-to-end entry path][0m
  vm_deep_recursion_via_dostring                     

      Start 64: test_http_parser
57/75 Test #58: test_lockfile ....................***Failed    7.08 sec


[1m[Lockfile Creation][0m
  lockfile_new                                       [32mPASS[0m
  lockfile_add_package                               [32mPASS[0m
  lockfile_add_duplicate_updates                     [32mPASS[0m
  lockfile_has                                       [32mPASS[0m
  lockfile_remove                                    [32mPASS[0m
  lockfile_add_dependency                            [32mPASS[0m

[1m[Lockfile Save/Load][0m
  lockfile_save_and_load                             [31mFAIL[0m
    Assertion failed at E:\xxl\xray-lang\xray\tests\unit\module\test_lockfile.c:127
    Condition: xr_lockfile_save(lock, test_path)
[32mPASS[0m
  lockfile_load_nonexistent                          [32mPASS[0m

[1m[Lockfile Edge Cases][0m
  lockfile_null_args                                 [32mPASS[0m
  lockfile_many_packages                             [32mPASS[0m

========================================
[31mâœ— 1/10 tests failed[0m
========================================

      Start 65: test_http_cookie
58/75 Test #59: test_source_cache ................   Passed    7.12 sec
      Start 66: test_http_multipart
59/75 Test #60: test_base64 ......................   Passed    9.56 sec
      Start 67: test_http2_huffman
60/75 Test #61: test_hex_encoding ................   Passed   11.93 sec
      Start 68: test_datetime
61/75 Test #62: test_url_encoding ................   Passed   11.95 sec
      Start 69: test_crypto
62/75 Test #63: test_unicode .....................   Passed   11.92 sec
      Start 70: test_xml_node
63/75 Test #64: test_http_parser .................   Passed   11.27 sec
      Start 71: test_buffer_pool
64/75 Test #65: test_http_cookie .................   Passed   12.34 sec
      Start 72: test_regex
65/75 Test #66: test_http_multipart ..............   Passed   12.34 sec
      Start 73: test_api_defense
66/75 Test #67: test_http2_huffman ...............   Passed    9.99 sec
      Start 74: test_cli_fs
67/75 Test #68: test_datetime ....................   Passed   10.01 sec
      Start 75: test_cli_spec
68/75 Test #69: test_crypto ......................   Passed   10.14 sec
69/75 Test #70: test_xml_node ....................   Passed   10.13 sec
70/75 Test #71: test_buffer_pool .................   Passed   10.13 sec
71/75 Test #72: test_regex .......................***Failed    8.02 sec


[1m[Compilation][0m
  compile_basic                                      [32mPASS[0m
  compile_empty                                      [32mPASS[0m
  compile_invalid_unmatched_paren                    [32mPASS[0m
  compile_invalid_unmatched_bracket                  [32mPASS[0m
  compile_invalid_bad_repeat                         [32mPASS[0m
  compile_flags                                      [32mPASS[0m
  compile_is_valid                                   [32mPASS[0m

[1m[Basic Matching][0m
  test_match_simple                                  [32mPASS[0m
  test_match_digits                                  [32mPASS[0m
  find_position                                      [31mFAIL[0m
    Assertion failed at E:\xxl\xray-lang\xray\tests\unit\regex\test_regex.c:108
    Expected: 3, Got: -421
[32mPASS[0m
  full_match_success                                 [32mPASS[0m
  full_match_failure                                 [32mPASS[0m
  find_at_offset                                     [31mFAIL[0m
    Assertion failed at E:\xxl\xray-lang\xray\tests\unit\regex\test_regex.c:134
    Expected: 9, Got: -143
[32mPASS[0m

[1m[Capture Groups][0m
  capture_simple                                     [32mPASS[0m
  capture_count                                      [32mPASS[0m
  capture_nested                                     [32mPASS[0m
  noncapture_group                                   [32mPASS[0m

[1m[Character Classes][0m
  charclass_simple                                   [32mPASS[0m
  charclass_range                                    [32mPASS[0m
  charclass_negated                                  [32mPASS[0m
  charclass_combined                                 [32mPASS[0m
  predefined_digit                                   [32mPASS[0m
  predefined_word                                    [32mPASS[0m
  predefined_space                                   [32mPASS[0m
  predefined_negated                                 [32mPASS[0m

[1m[Anchors][0m
  anchor_begin                                       [32mPASS[0m
  anchor_end                                         [32mPASS[0m
  anchor_both                                        [32mPASS[0m
  word_boundary                                      [32mPASS[0m
  not_word_boundary                                  [32mPASS[0m

[1m[Quantifiers][0m
  quantifier_star                                    [32mPASS[0m
  quantifier_plus                                    [32mPASS[0m
  quantifier_question                                [32mPASS[0m
  quantifier_exact                                   [32mPASS[0m
  quantifier_range                                   [32mPASS[0m
  quantifier_min                                     [32mPASS[0m

[1m[Greedy vs Non-greedy][0m
  greedy_plus                                        [32mPASS[0m
  lazy_plus                                          [32mPASS[0m
  lazy_star                                          [32mPASS[0m
  lazy_repeat                                        [32mPASS[0m

[1m[Alternation][0m
  alternation_simple                                 [32mPASS[0m
  alternation_words                                  [32mPASS[0m
  alternation_in_group                               [32mPASS[0m

[1m[Dot][0m
  dot_basic                                          [32mPASS[0m
  dot_dotall                                         [32mPASS[0m

[1m[Ignore Case][0m
  ignorecase_basic                                   [32mPASS[0m
  ignorecase_match_text                              [32mPASS[0m
  case_sensitive                                     [32mPASS[0m

[1m[Multiline Mode][0m
  multiline_caret                                    [32mPASS[0m
  multiline_dollar                                   [32mPASS[0m

[1m[Escape Sequences][0m
  escape_metachar                                    [32mPASS[0m
  escape_backslash                                   [32mPASS[0m
  escape_tab_newline                                 [32mPASS[0m

[1m[Replace][0m
  replace_first                                      [32mPASS[0m
  replace_all                                        [32mPASS[0m
  replace_alloc                                      [32mPASS[0m
  replace_with_capture_ref                           [32mPASS[0m
  replace_no_match                                   [32mPASS[0m

[1m[Split][0m
  split_basic                                        [32mPASS[0m
  split_no_match                                     [32mPASS[0m
  split_with_limit                                   [32mPASS[0m

[1m[Count and FindAll][0m
  count_basic                                        [32mPASS[0m
  count_no_match                                     [32mPASS[0m
  find_all_basic                                     [32mPASS[0m

[1m[Escape Utility][0m
  escape_special_chars                               [32mPASS[0m

[1m[Unicode Properties][0m
  unicode_han                                        [32mPASS[0m
  unicode_latin                                      [32mPASS[0m
  unicode_number                                     [32mPASS[0m
  unicode_negated                                    [32mPASS[0m

[1m[Edge Cases][0m
  empty_pattern_empty_text                           [32mPASS[0m
  empty_pattern_nonempty_text                        [32mPASS[0m
  deeply_nested_groups                               [32mPASS[0m
  complex_pattern                                    [32mPASS[0m
  error_string                                       [32mPASS[0m

[1m[Iterator][0m
  iterator_basic                                     [32mPASS[0m
  iterator_reset                                     [32mPASS[0m

[1m[Inline Flags][0m
  inline_ignorecase                                  [32mPASS[0m
  inline_multiline                                   [32mPASS[0m
  inline_dotall                                      [32mPASS[0m
  inline_combined                                    [32mPASS[0m

========================================
[31mâœ— 2/80 tests failed[0m
========================================

72/75 Test #73: test_api_defense .................   Passed   11.41 sec
73/75 Test #74: test_cli_fs ......................***Failed   11.67 sec


[1m[File I/O][0m
  read_file_success                                  [31mFAIL[0m
    Assertion failed at E:\xxl\xray-lang\xray\tests\unit\cli\test_cli_fs.c:106
    Expected: "print(1)
"
    Got:      "print(1)
"
[32mPASS[0m
  read_file_nonexistent                              [32mPASS[0m
  write_file_and_read_back                           'rm' ²»ÊÇÄÚ²¿»òÍâ²¿ÃüÁî£¬Ò²²»ÊÇ¿ÉÔËÐÐµÄ³ÌÐò
»òÅú´¦ÀíÎÄ¼þ¡£
[32mPASS[0m
  write_file_atomic_and_read_back                    'rm' ²»ÊÇÄÚ²¿»òÍâ²¿ÃüÁî£¬Ò²²»ÊÇ¿ÉÔËÐÐµÄ³ÌÐò
»òÅú´¦ÀíÎÄ¼þ¡£
[32mPASS[0m

[1m[Path Queries][0m
  file_exists_true                                   'rm' ²»ÊÇÄÚ²¿»òÍâ²¿ÃüÁî£¬Ò²²»ÊÇ¿ÉÔËÐÐµÄ³ÌÐò
»òÅú´¦ÀíÎÄ¼þ¡£
[32mPASS[0m
  file_exists_false                                  [32mPASS[0m
  is_directory_true                                  'rm' ²»ÊÇÄÚ²¿»òÍâ²¿ÃüÁî£¬Ò²²»ÊÇ¿ÉÔËÐÐµÄ³ÌÐò
»òÅú´¦ÀíÎÄ¼þ¡£
[32mPASS[0m
  is_directory_false_on_file                         'rm' ²»ÊÇÄÚ²¿»òÍâ²¿ÃüÁî£¬Ò²²»ÊÇ¿ÉÔËÐÐµÄ³ÌÐò
»òÅú´¦ÀíÎÄ¼þ¡£
[32mPASS[0m
  is_xr_file_true                                    [32mPASS[0m
  is_xr_file_false                                   [32mPASS[0m

[1m[File List][0m
  filelist_init_empty                                [32mPASS[0m
  filelist_add_and_count                             [32mPASS[0m
  filelist_sort                                      [32mPASS[0m

[1m[Directory Traversal][0m
  collect_single_file                                'rm' ²»ÊÇÄÚ²¿»òÍâ²¿ÃüÁî£¬Ò²²»ÊÇ¿ÉÔËÐÐµÄ³ÌÐò
»òÅú´¦ÀíÎÄ¼þ¡£
[32mPASS[0m
  collect_directory_xr_only                          'rm' ²»ÊÇÄÚ²¿»òÍâ²¿ÃüÁî£¬Ò²²»ÊÇ¿ÉÔËÐÐµÄ³ÌÐò
»òÅú´¦ÀíÎÄ¼þ¡£
[32mPASS[0m
  collect_skips_hidden                               'rm' ²»ÊÇÄÚ²¿»òÍâ²¿ÃüÁî£¬Ò²²»ÊÇ¿ÉÔËÐÐµÄ³ÌÐò
»òÅú´¦ÀíÎÄ¼þ¡£
[32mPASS[0m
  collect_nonexistent_returns_error                  [32mPASS[0m

[1m[Safe Parsing][0m
  parse_int_valid                                    [32mPASS[0m
  parse_int_invalid                                  [32mPASS[0m
  parse_int_null_rejected                            [32mPASS[0m
  parse_port_valid                                   [32mPASS[0m
  parse_port_invalid                                 [32mPASS[0m

========================================
[31mâœ— 1/22 tests failed[0m
========================================

74/75 Test #75: test_cli_spec ....................   Passed    9.22 sec
75/75 Test #17: test_parser ......................***Failed  1879.99 sec

[1m[Parser Tests][0m
  parser_int_literal                                 [32mPASS[0m
  parser_float_literal                               [32mPASS[0m
  parser_string_literal                              [32mPASS[0m
  parser_bool_literal                                [32mPASS[0m
  parser_null_literal                                [32mPASS[0m
  parser_binary_add                                  [32mPASS[0m
  parser_binary_precedence                           [32mPASS[0m
  parser_unary_neg                                   [32mPASS[0m
  parser_unary_not                                   [32mPASS[0m
  parser_grouping                                    [32mPASS[0m
  parser_comparison                                  [32mPASS[0m
  parser_logical_and_or                              [32mPASS[0m
  parser_let_decl                                    [32mPASS[0m
  parser_const_decl                                  [32mPASS[0m
  parser_if_stmt                                     [FATAL] E:\xxl\xray-lang\xray\src\frontend\parser\xast.c:67: Check failed: alloc_node: negative line


93% tests passed, 5 tests failed out of 75

Total Test time (real) = 1905.36 sec

The following tests FAILED:
	 17 - test_parser (Failed)
	 32 - test_vm_api (SEGFAULT)
	 58 - test_lockfile (Failed)
	 72 - test_regex (Failed)
	 74 - test_cli_fs (Failed)
